Praha
Brno
Bruntal
Bratislava
Pardubice
Zlín
Havířov
Kladno
Most
Opava
Frýdek-Místek
Jihlava
Karviná
Teplice
Chomutov
Karlovy Vary
Jablonec nad Nisou
Mladá Boleslav
Prostějov
Přerov
Třebíč
Tábor
Znojmo
Kolín
Příbram
Písek

$ cat adresy.txt
Praha
Brno
Bruntal
Bratislava
Příklad hledání slova brno

$ ./keyfilter <adresy.txt
Enable: BP
$ ./keyfilter b <adresy.txt
Enable: R
$ ./keyfilter br <adresy.txt
Enable: ANU
$ ./keyfilter brn <adresy.txt
Found: BRNO
$ ./keyfilter be <adresy.txt
Not found